use crate :: enums :: business_entity_status :: * ; # [derive (Default , Debug , Clone , Serialize , Deserialize , Validate)] # [serde (rename_all = "snake_case")] pub struct BusinessEntity { # [validate (max_length = 50)] pub id : String , # [validate (max_length = 100)] pub name : String , # [validate] pub status : BusinessEntityStatus , pub deleted : bool , pub created_at : u64 , pub resource_version : Option < i64 > , pub updated_at : Option < u64 > } impl BusinessEntity { }