# [derive (Default , Debug , Clone , Serialize , Deserialize , Validate)] # [serde (rename_all = "snake_case")] pub struct Contact { # [validate (max_length = 150)] pub id : String , # [validate (max_length = 150)] pub first_name : Option < String > , # [validate (max_length = 150)] pub last_name : Option < String > , # [validate (max_length = 70)] pub email : String , # [validate (max_length = 50)] pub phone : Option < String > , # [validate (max_length = 50)] pub label : Option < String > , pub enabled : bool , pub send_account_email : bool , pub send_billing_email : bool } impl Contact { }