# [derive (Default , Debug , Clone , Serialize , Deserialize , Validate)] # [serde (rename_all = "snake_case")] pub struct CouponSet { # [validate (max_length = 50)] pub id : String , # [validate (max_length = 100)] pub coupon_id : String , # [validate (max_length = 50)] pub name : String , pub total_count : Option < i64 > , pub redeemed_count : Option < i64 > , pub archived_count : Option < i64 > , pub meta_data : Option < serde_json :: Value > } impl CouponSet { }