use crate :: enums :: currency_forex_type :: * ; # [derive (Default , Debug , Clone , Serialize , Deserialize , Validate)] # [serde (rename_all = "snake_case")] pub struct Currency { # [validate (max_length = 40)] pub id : Option < String > , # [serde (default = "Currency::default_enabled")] pub enabled : bool , # [validate] pub forex_type : Option < CurrencyForexType > , # [validate (max_length = 3)] pub currency_code : Option < String > , pub is_base_currency : Option < bool > , # [validate (max_length = 20)] pub manual_exchange_rate : Option < String > } impl Currency { fn default_enabled () -> bool { true } }