use crate :: enums :: entitlement_entity_type :: * ; # [derive (Default , Debug , Clone , Serialize , Deserialize , Validate)] # [serde (rename_all = "snake_case")] pub struct Entitlement { # [validate (max_length = 100)] pub id : String , # [validate (max_length = 100)] pub entity_id : Option < String > , # [validate] pub entity_type : Option < EntitlementEntityType > , # [validate (max_length = 50)] pub feature_id : Option < String > , # [validate (max_length = 50)] pub feature_name : Option < String > , # [validate (max_length = 50)] pub value : Option < String > , # [validate (max_length = 50)] pub name : Option < String > } impl Entitlement { }