# [derive (Default , Debug , Clone , Serialize , Deserialize , Validate)] # [serde (rename_all = "snake_case")] pub struct Hierarchy { # [validate (max_length = 50)] pub customer_id : String , # [validate (max_length = 50)] pub parent_id : Option < String > , # [validate (max_length = 50)] pub payment_owner_id : String , # [validate (max_length = 50)] pub invoice_owner_id : String , pub children_ids : Vec < String > } impl Hierarchy { }