mod impacted_item_download ; use impacted_item_download :: * ; # [derive (Default , Debug , Clone , Serialize , Deserialize , Validate)] # [serde (rename_all = "snake_case")] pub struct ImpactedItem { pub count : Option < i64 > , pub items : Option < Vec < serde_json :: Value > > , # [validate] pub download : Option < ImpactedItemDownload > } impl ImpactedItem { }