mod impacted_subscription_download ; use impacted_subscription_download :: * ; # [derive (Default , Debug , Clone , Serialize , Deserialize , Validate)] # [serde (rename_all = "snake_case")] pub struct ImpactedSubscription { pub count : Option < i64 > , pub subscription_ids : Option < Vec < serde_json :: Value > > , # [validate] pub download : Option < ImpactedSubscriptionDownload > } impl ImpactedSubscription { }