use crate :: enums :: item_family_status :: * ; use crate :: enums :: item_family_channel :: * ; # [derive (Default , Debug , Clone , Serialize , Deserialize , Validate)] # [serde (rename_all = "snake_case")] pub struct ItemFamily { # [validate (max_length = 50)] pub id : String , # [validate (max_length = 50)] pub name : String , # [validate (max_length = 500)] pub description : Option < String > , # [validate] pub status : Option < ItemFamilyStatus > , pub resource_version : Option < i64 > , pub updated_at : Option < u64 > , # [validate] pub channel : Option < ItemFamilyChannel > , # [validate (max_length = 50)] pub business_entity_id : Option < String > } impl ItemFamily { }