use crate :: enums :: subscription_status :: * ; use crate :: enums :: subscription_trial_end_action :: * ; use crate :: enums :: subscription_cancel_reason :: * ; use crate :: enums :: subscription_channel :: * ; use crate :: enums :: subscription_free_period_unit :: * ; mod subscription_item ; use subscription_item :: * ; mod subscription_item_tier ; use subscription_item_tier :: * ; mod subscription_charged_item ; use subscription_charged_item :: * ; mod subscription_coupon ; use subscription_coupon :: * ; mod subscription_shipping_address ; use subscription_shipping_address :: * ; mod subscription_referral_info ; use subscription_referral_info :: * ; mod subscription_billing_override ; use subscription_billing_override :: * ; mod subscription_contract_term ; use subscription_contract_term :: * ; mod subscription_discount ; use subscription_discount :: * ; # [derive (Default , Debug , Clone , Serialize , Deserialize , Validate)] # [serde (rename_all = "snake_case")] pub struct Subscription { # [validate (max_length = 50)] pub id : String , # [validate (max_length = 3)] pub currency_code : String , pub start_date : Option < u64 > , pub trial_end : Option < u64 > , # [validate (minimum = 0)] pub remaining_billing_cycles : Option < i64 > , # [validate (max_length = 100)] pub po_number : Option < String > , # [validate (max_length = 33)] pub plan_quantity_in_decimal : Option < String > , # [validate (max_length = 39)] pub plan_unit_price_in_decimal : Option < String > , # [validate (max_length = 50)] pub customer_id : String , # [validate] pub status : SubscriptionStatus , pub trial_start : Option < u64 > , # [validate] pub trial_end_action : Option < SubscriptionTrialEndAction > , pub current_term_start : Option < u64 > , pub current_term_end : Option < u64 > , pub next_billing_at : Option < u64 > , pub created_at : Option < u64 > , pub started_at : Option < u64 > , pub activated_at : Option < u64 > , # [validate (minimum = 1)] # [validate (maximum = 100)] pub contract_term_billing_cycle_on_renewal : Option < i64 > , pub override_relationship : Option < bool > , pub pause_date : Option < u64 > , pub resume_date : Option < u64 > , pub cancelled_at : Option < u64 > , # [validate] pub cancel_reason : Option < SubscriptionCancelReason > , # [validate (max_length = 50)] pub created_from_ip : Option < String > , pub resource_version : Option < i64 > , pub updated_at : Option < u64 > , pub has_scheduled_advance_invoices : bool , pub has_scheduled_changes : bool , # [validate (max_length = 40)] pub payment_source_id : Option < String > , # [validate (max_length = 33)] pub plan_free_quantity_in_decimal : Option < String > , # [validate (max_length = 39)] pub plan_amount_in_decimal : Option < String > , pub cancel_schedule_created_at : Option < u64 > , # [validate] pub channel : Option < SubscriptionChannel > , pub net_term_days : Option < i64 > , # [validate (max_length = 50)] pub active_id : Option < String > , pub due_invoices_count : Option < i64 > , pub due_since : Option < u64 > , # [validate (minimum = 0)] pub total_dues : Option < i64 > , # [validate (minimum = 1)] pub mrr : Option < i64 > , pub exchange_rate : Option < BigDecimal > , # [validate (max_length = 3)] pub base_currency_code : Option < String > , # [validate (max_length = 2000)] pub invoice_notes : Option < String > , pub meta_data : Option < serde_json :: Value > , pub deleted : bool , pub changes_scheduled_at : Option < u64 > , # [validate (max_length = 100)] pub cancel_reason_code : Option < String > , pub free_period : Option < i64 > , # [validate] pub free_period_unit : Option < SubscriptionFreePeriodUnit > , pub create_pending_invoices : Option < bool > , pub auto_close_invoices : Option < bool > , # [validate (max_length = 50)] pub business_entity_id : Option < String > , # [validate] pub subscription_items : Vec < SubscriptionItem > , # [validate] pub item_tiers : Vec < SubscriptionItemTier > , # [validate] pub charged_items : Vec < SubscriptionChargedItem > , # [validate] pub coupons : Vec < SubscriptionCoupon > , # [validate] pub shipping_address : Option < SubscriptionShippingAddress > , # [validate] pub referral_info : Option < SubscriptionReferralInfo > , # [validate] pub billing_override : Option < SubscriptionBillingOverride > , # [validate] pub contract_term : Option < SubscriptionContractTerm > , # [validate] pub discounts : Vec < SubscriptionDiscount > } impl Subscription { }