use crate :: enums :: virtual_bank_account_scheme :: * ; use crate :: enums :: virtual_bank_account_gateway :: * ; # [derive (Default , Debug , Clone , Serialize , Deserialize , Validate)] # [serde (rename_all = "snake_case")] pub struct VirtualBankAccount { # [validate (max_length = 40)] pub id : String , # [validate (max_length = 50)] pub customer_id : String , # [validate (max_length = 70)] pub email : String , # [validate] # [serde (default = "VirtualBankAccount::default_scheme")] pub scheme : Option < VirtualBankAccountScheme > , # [validate (max_length = 100)] pub bank_name : Option < String > , # [validate (min_length = 5)] # [validate (max_length = 50)] pub account_number : String , # [validate (min_length = 9)] # [validate (max_length = 50)] pub routing_number : Option < String > , # [validate (min_length = 8)] # [validate (max_length = 11)] pub swift_code : String , # [validate] pub gateway : VirtualBankAccountGateway , # [validate (max_length = 50)] pub gateway_account_id : String , pub resource_version : Option < i64 > , pub updated_at : Option < u64 > , pub created_at : u64 , # [validate (max_length = 150)] pub reference_id : String , pub deleted : bool } impl VirtualBankAccount { fn default_scheme () -> Option < VirtualBankAccountScheme > { Some (VirtualBankAccountScheme :: AchCredit) } }