#[derive(Debug, Clone, Copy, PartialEq, Eq, Hash)]
pub enum MyBoolEnum {
    VAR1 = true,
    VAR2 = false,
}
