#[derive(Debug, Clone, Copy, PartialEq, Eq, Hash)]
pub enum MyNumberEnum {
    VAR1 = 1,
    VAR2 = 2,
}
