#[derive(Debug, PartialEq)]
pub struct MyStructWithCollections {
    pub string_array: Vec<String>,
    pub custom_map: std::collections::HashMap<String, AnotherType>,
}
