#[derive(Debug, PartialEq, Validate)]
pub struct MyStructWithNumericEnumValidation {
    #[validate(enumerate = [1, 2])]
    pub enum_field: MyNumericEnum,
}
