#[derive(Debug, PartialEq)]
pub struct MyStructWithPartialDefaults {
    pub field1: String,
    pub field2: i64,
}
