# Generated by goldga. DO NOT EDIT.
[snapshots]
"Model attributes scraping when traversing documentation pages should be able to scrape model from documentation page" = '''
(string) (len=3794) "type CustomerContract struct {\n\tUID\tstring `json:\"UID\" validation:\"required\"`\t // Unique customer contact identifier in the form of a guid.ONLY required for updating an existing contact NOT required when creating a new contact.\n\tCompanyName\tstring `json:\"CompanyName\" validation:\"required\"`\t // Company name of the customer contact. ONLY required when creating a company contact with IsIndividual set to false.\n\tLastName\tstring `json:\"LastName\" validation:\"required\"`\t // Last name for an individual contact.\n\tFirstName\tstring `json:\"FirstName\" validation:\"required\"`\t // First name for an individual contact.\n\tIsIndividual\tboolean `json:\"IsIndividual\" validation:\"required\"`\t // True indicates the customer contact represents an individual.False indicates the customer contact represents a company.\n\tDisplayID\tstring `json:\"DisplayID\"`\t // Customer contact card id. { 'DisplayID': 'CUS000001' }\n\tIsActive\tboolean `json:\"IsActive\" validation:\"required\"`\t // True indicates the customer contact is active.False indicates the customer contact is inactive.\n\tAddress\tmodels.ContactCustomerContract `json:\"Address\"`\t // The following set of information pulls through details for a contact address\n\tNotes\tstring `json:\"Notes\"`\t // Notes for the customer contact.\n\tIdentifier\tmodels.ContactCustomerContract `json:\"Identifier\"`\t // This is an AccountRight only field.The following set of information pulls through details for a contact identifier\n\tCustomList1\tmodels.ContactCustomerContract `json:\"CustomList1\"`\t // This is an AccountRight only field. The following set of information pulls through details for a contact custom list\n\tCustomList2\tmodels.ContactCustomerContract `json:\"CustomList2\"`\t // This is an AccountRight only field .The following set of information pulls through details for a contact custom list\n\tCustomList3\tmodels.ContactCustomerContract `json:\"CustomList3\"`\t // This is an AccountRight only field. The following set of information pulls through details for a contact custom list\n\tCustomField1\tmodels.ContactCustomerContract `json:\"CustomField1\"`\t // This is an AccountRight only field. The following set of information pulls through details for a contact custom field\n\tCustomField2\tmodels.ContactCustomerContract `json:\"CustomField2\"`\t // This is an AccountRight only field. The following set of information pulls through details for a contact custom field\n\tCustomField3\tmodels.ContactCustomerContract `json:\"CustomField3\"`\t // This is an AccountRight only field. The following set of information pulls through details for a contact custom field\n\tCurrentBalance\tdecimal (13.6) `json:\"CurrentBalance\"`\t // Customer contact balance.\n\tSellingDetails\tmodels.ContactCustomerContract `json:\"SellingDetails\" validation:\"required\"`\t // The following set of information pulls through default customer selling details.\n\tPaymentDetails\tmodels.ContactCustomerContract `json:\"PaymentDetails\"`\t // The following set of information pulls through customer payment details.\n\tForeignCurrency\tmodels.ContactCustomerContract `json:\"ForeignCurrency\"`\t // This is an AccountRight only field.Null if no foreign currency is set.\n\tLastModified\t*time.Time `json:\"LastModified\"`\t // Extracts the last modification date for the customer contact resource.\n\tPhotoURI\tstring `json:\"PhotoURI\"`\t // This is an AccountRight only field. Uniform resource identifier associated with a photo image.\n\tURI\tstring `json:\"URI\"`\t // Uniform resource identifier encompasses all types of names and addresses that refer to objects on the web.\n\tRowVersion\tstring `json:\"RowVersion\" validation:\"required\"`\t // Number value that changes upon a record update, can be used for change control but does does not preserve a date or a time. ONLY required for updating an existing contact NOT required when creating a new contact.\n}"
'''
